// Jest Snapshot v1, https://goo.gl/fbAQLP

exports[`Error should match snapshot 1`] = `
<section>
  <h2
    className="page-not-found"
  >
    404 ERROR: PAGE NOT FOUND
     
    <img
      alt="wand"
      className="sorting-hat"
      src="sortinghat.png"
    />
  </h2>
</section>
`;
