// Jest Snapshot v1, https://goo.gl/fbAQLP

exports[`App should match snapshot 1`] = `
<div
  className="App"
>
  <Connect(Header) />
  <Switch>
    <Route
      component={[Function]}
      exact={true}
      path="/"
    />
    <Route
      exact={true}
      path="/characters"
      render={[Function]}
    />
    <Route
      component={[Function]}
      exact={true}
      path="/houses"
    />
    <Route
      component={[Function]}
      exact={true}
      path="/spells"
    />
    <Route
      exact={true}
      path="/favorites"
      render={[Function]}
    />
    <Route
      render={[Function]}
    />
  </Switch>
</div>
`;

exports[`App should render home page 1`] = `
<React.Fragment>
  <MainContainer />
</React.Fragment>
`;
